﻿[dotenv@17.3.1] injecting env (0) from .env -- tip: ≡ƒ¢í∩╕Å auth for agents: https://vestauth.com
node : Error initializing 
database: Error
At line:1 char:26
+ cd kanan-events\backend; 
node index.js > 
error_log.txt 2>&1
+                          ~~
~~~~~~~~~~~~~~~~~~~~~~~~~~~~~
~~~
    + CategoryInfo           
   : NotSpecified: (Error i  
  nitializing database: Er   
 ror:String) [], RemoteEx    
ception
    + FullyQualifiedErrorId  
   : NativeCommandError
 
    at Object.createConnectio
nPromise [as 
createConnection] (C:\Users\m
ahim\OneDrive\Apps\kanan-even
ts (1)\kanan-events\backend\n
ode_modules\mysql2\promise.js
:19:31)
    at initDB (C:\Users\mahim
\OneDrive\Apps\kanan-events (
1)\kanan-events\backend\index
.js:44:40)
    at Server.<anonymous> (C:
\Users\mahim\OneDrive\Apps\ka
nan-events (1)\kanan-events\b
ackend\index.js:715:11)
    at Server.f (C:\Users\mah
im\OneDrive\Apps\kanan-events
 (1)\kanan-events\backend\nod
e_modules\once\once.js:25:25)
    at Object.onceWrapper 
(node:events:634:26)
    at Server.emit 
(node:events:519:28)
    at emitErrorNT 
(node:net:1976:8)
    at process.processTicksAn
dRejections (node:internal/pr
ocess/task_queues:90:21) {
  code: 'ECONNREFUSED',
  errno: undefined,
  sqlState: undefined
}
Server is running on port 5000
